OUTPUT: 109
OUTPUT: 1
OUTPUT: 204
OUTPUT: -1
OUTPUT: 1001
OUTPUT: 100
OUTPUT: 1
OUTPUT: 100
OUTPUT: 1008
OUTPUT: 100
OUTPUT: 16
OUTPUT: 101
OUTPUT: 1006
OUTPUT: 101
OUTPUT: 0
OUTPUT: 99
DONE 109
