OUTPUT: 0
OUTPUT: 0
OUTPUT: 0
OUTPUT: 0
OUTPUT: 0
OUTPUT: 0
OUTPUT: 0
OUTPUT: 0
OUTPUT: 0
OUTPUT: 9961446
DONE 3
